2025-11-20T17:26:36.918 application=api [debug] Current API rate limit by key nil reqs/sec
2025-11-20T17:26:36.918 application=api [debug] Current API rate limit by IP nil reqs/sec
2025-11-20T17:28:33.715 application=api request_id=GHnHKlSwAsm7C70ADUAB [info] Sent 400 in 53µs on GET /api/vendor/phpunit/phpunit/src/Util/PHP/eval-stdin.php?
2025-11-21T00:39:10.636 application=api request_id=GHneqfUp9js4U78BTWXl [info] Sent 400 in 67µs on GET /api/.env?
2025-11-21T01:21:29.321 application=api request_id=GHng-QqRmFJ7DZYBZaUh [info] Sent 400 in 64µs on GET /api/.env?
2025-11-21T01:21:38.814 application=api request_id=GHng-0BrQ-JCfPABZbEh [info] Sent 400 in 67µs on GET /api/.git/config?
2025-11-21T12:37:35.775 application=api request_id=GHoF3ieqNQf1EjICWXFj [info] Sent 400 in 64µs on GET /api/vendor/phpunit/phpunit/src/Util/PHP/eval-stdin.php?
2025-11-21T15:41:07.144 application=api request_id=GHoP4fBicqHikhgCn13i [info] Sent 400 in 86µs on GET /api/.env.prod?
2025-11-22T01:14:39.058 application=api request_id=GHovLhZF075ILU4DdJyC [info] Sent 400 in 63µs on GET /api/vendor/phpunit/phpunit/src/Util/PHP/eval-stdin.php?
2025-11-22T03:33:57.701 application=api request_id=GHo2yDw4kVezZFoDoJxH [info] Sent 400 in 62µs on GET /api/vendor/phpunit/phpunit/src/Util/PHP/eval-stdin.php?
2025-11-22T05:33:36.591 application=api request_id=GHo9T7NugOXldLkD1Ynk [info] Sent 400 in 63µs on GET /api/.env?
2025-11-22T05:33:38.872 application=api request_id=GHo9UDtcyHoy8CkDz-5m [info] Sent 400 in 90µs on GET /api/.git/config?
2025-11-22T23:03:12.570 application=api request_id=GHp2lnBM5k-XzL8FVmXj [info] Sent 400 in 65µs on GET /api/.env?
2025-11-23T01:13:16.004 application=api request_id=GHp9r1EoYZgfTAYFgVeG [info] Sent 400 in 133µs on GET /api/v2/about?
2025-11-23T01:13:16.738 application=api request_id=GHp9r3z1WgklRoEFgVem [info] Sent 400 in 61µs on GET /api/v1/check-version?
2025-11-23T01:13:17.088 application=api request_id=GHp9r5HVhygITkMFrHTB [info] Sent 400 in 59µs on GET /api/version?
2025-11-23T01:13:17.577 application=api request_id=GHp9r671uZFoXJMFrHUh [info] Sent 400 in 81µs on GET /api/vip/i18n/api/v2/translation/products/vRNIUI/versions/1?
2025-11-23T01:13:17.871 application=api request_id=GHp9r8CBLmzCOk0FgVgG [info] Sent 400 in 64µs on GET /api/server/version?
2025-11-23T01:13:18.049 application=api request_id=GHp9r8sTbz8fGeAFgVgm [info] Sent 400 in 69µs on GET /api/v1.0/environment?
2025-11-23T01:13:18.663 application=api request_id=GHp9r--x3XaBLoEFgVhG [info] Sent 400 in 67µs on GET /api/v1/version?
2025-11-23T01:13:18.857 application=api request_id=GHp9r_s_EvNOZyAFgVhm [info] Sent 400 in 66µs on GET /api/v3/meta?
2025-11-23T01:13:19.524 application=api request_id=GHp9sCL6J9mqPBkFgVxG [info] Sent 400 in 89µs on GET /api/v2/hoverfly/version?
2025-11-23T01:13:19.632 application=api request_id=GHp9sClp27yw-HkFgVxm [info] Sent 400 in 90µs on GET /api/v1/info?
2025-11-23T01:13:19.972 application=api request_id=GHp9sD2373IZRJQFgV0G [info] Sent 400 in 66µs on GET /api/status?
2025-11-23T05:52:06.495 application=api request_id=GHqM5rAoe6hBcI8GE3Lh [info] Sent 400 in 64µs on GET /api/.env?
2025-11-23T05:54:35.372 application=api request_id=GHqNCVnsHNCImdYF5sUm [info] Sent 400 in 87µs on GET /api/phpinfo.php?
2025-11-23T06:29:03.704 application=api request_id=GHqO6uwdLPxtckAGIj-h [info] Sent 400 in 65µs on GET /api/vendor/phpunit/phpunit/src/Util/PHP/eval-stdin.php?
2025-11-23T07:19:24.806 application=api request_id=GHqRqlPdgAUojTwGBzxG [info] Sent 400 in 66µs on GET /api/.env?
2025-11-23T21:13:48.731 application=api request_id=GHq_Mr5Opvtu5h8HPlEn [info] Sent 400 in 63µs on GET /api/.env?
2025-11-24T11:45:30.001 application=api request_id=GHruxBTrUlyCwncIihIC [info] Sent 400 in 88µs on GET /api/.git/config?
2025-11-24T11:45:34.884 application=api request_id=GHruxTf9XnG6xbsIihXC [info] Sent 400 in 63µs on GET /api/.env?
2025-11-24T13:59:07.503 application=api request_id=GHr2Ds0_me1rg4EI9R6B [info] Sent 400 in 118µs on GET /api/vendor/phpunit/phpunit/src/Util/PHP/eval-stdin.php?
2025-11-24T22:08:42.832 application=api request_id=GHsQxkdS2spJoT8JbqmE [info] Sent 400 in 64µs on GET /api/vendor/phpunit/phpunit/src/Util/PHP/eval-stdin.php?
2025-11-25T01:49:13.320 application=api [debug] Current API rate limit by key nil reqs/sec
2025-11-25T01:49:13.320 application=api [debug] Current API rate limit by IP nil reqs/sec
2025-11-25T01:53:30.830 application=api [debug] Current API rate limit by key nil reqs/sec
2025-11-25T01:53:30.830 application=api [debug] Current API rate limit by IP nil reqs/sec
2025-11-25T02:17:08.462 application=api [debug] Current API rate limit by key nil reqs/sec
2025-11-25T02:17:08.462 application=api [debug] Current API rate limit by IP nil reqs/sec
2025-11-25T06:04:18.458 application=api request_id=GHsquj80TuOces4AD3sB [info] Sent 400 in 90µs on GET /api/.env?
2025-11-25T06:54:46.972 application=api request_id=GHste2CuNPmSuP0AEteB [info] Sent 400 in 59µs on GET /api/vendor/phpunit/phpunit/src/Util/PHP/eval-stdin.php?
2025-11-25T11:39:48.155 application=api request_id=GHs9CQ6cjIzF37kAJAXo [info] Sent 400 in 41µs on GET /api/sonicos/auth?
2025-11-25T11:39:48.200 application=api request_id=GHs9CRFNfYOJUQQAJAYo [info] Sent 400 in 39µs on GET /api/sonicos/tfa?
2025-11-26T00:29:22.318 application=api request_id=GHtnB9E3Kdbv89kAWq_l [info] Sent 400 in 84µs on GET /api/.env?
2025-11-26T00:29:27.216 application=api request_id=GHtnCPUpG21brbYAWrCF [info] Sent 400 in 60µs on GET /api/.git/config?
2025-11-26T15:14:23.026 application=api request_id=GHuXU0oS3OjT_QYAkGlk [info] Sent 400 in 64µs on GET /api/session/properties?
2025-11-26T21:15:05.331 application=api request_id=GHurAkfykQ9uz4UArPGl [info] Sent 400 in 58µs on GET /api/vendor/phpunit/phpunit/src/Util/PHP/eval-stdin.php?
2025-11-27T05:22:49.000 application=api request_id=GHvFn8KD1bRfPhQAwqnH [info] Sent 400 in 101µs on GET /api/vendor/phpunit/phpunit/src/Util/PHP/eval-stdin.php?
2025-11-27T09:29:10.682 application=api request_id=GHvTEWN4Acl8OWUA3KzF [info] Sent 400 in 90µs on GET /api/vendor/phpunit/phpunit/src/Util/PHP/eval-stdin.php?
2025-11-28T00:14:20.431 application=api request_id=GHwDXvck6a-ntWkBEprm [info] Sent 400 in 90µs on GET /api/aws/credentials.json?
2025-11-29T01:16:18.132 application=api request_id=GHxVVSC11Z_LXFIBd8ul [info] Sent 400 in 108µs on GET /api/.env?
2025-11-29T01:54:32.081 application=api request_id=GHxXazq1iI9sEskBUz4I [info] Sent 400 in 65µs on GET /api/.env?
2025-11-29T01:54:40.833 application=api request_id=GHxXbURp3JLMMaIBd_JD [info] Sent 400 in 45µs on GET /api/shared/config/config.env?
2025-11-29T01:54:40.971 application=api request_id=GHxXbUyetfRLAEsBeqcF [info] Sent 400 in 77µs on GET /api/shared/config.env?
2025-11-29T01:54:41.707 application=api request_id=GHxXbXh9yNYKb4ABeqeF [info] Sent 400 in 66µs on GET /api/shared/config/.env?
2025-11-29T01:54:41.853 application=api request_id=GHxXbYE1hly-9wgBUz8I [info] Sent 400 in 73µs on GET /api/shared/.env?
2025-11-29T01:54:42.028 application=api request_id=GHxXbYuekn3SPWYBeqel [info] Sent 400 in 56µs on GET /api/config.env?
2025-11-29T01:54:50.818 application=api request_id=GHxXb5eJeQ-EZ74BU0CI [info] Sent 400 in 66µs on GET /api/config.js?
2025-11-29T01:54:50.955 application=api request_id=GHxXb5-7x2BLNpQBU0Co [info] Sent 400 in 66µs on GET /api/objects/codes.php.save?
2025-11-29T01:55:10.817 application=api request_id=GHxXdD-QKUaTXIoBU0PI [info] Sent 400 in 109µs on GET /api/config/config.yml?
2025-11-29T01:55:15.117 application=api request_id=GHxXdT_lkjNlnHwBU0Ro [info] Sent 400 in 68µs on GET /api/stripe.js?
2025-11-29T01:55:15.256 application=api request_id=GHxXdUgvuQuNSxMBU0SI [info] Sent 400 in 59µs on GET /api/stripe.ts?
2025-11-29T01:55:24.403 application=api request_id=GHxXd2laS3s-TR0BU0bI [info] Sent 400 in 65µs on GET /api/webhook.js?
2025-11-29T03:56:35.898 application=api request_id=GHxeFHBCwZjuakABg1-l [info] Sent 400 in 70µs on GET /api/vendor/phpunit/phpunit/src/Util/PHP/eval-stdin.php?
2025-11-29T03:58:30.405 application=api request_id=GHxeLxlfBCmfLk4Bg4dl [info] Sent 400 in 102µs on GET /api/vendor/phpunit/phpunit/src/Util/PHP/eval-stdin.php?
2025-11-29T06:37:01.661 application=api request_id=GHxm1Zxpsn1dAOUBpB9B [info] Sent 400 in 91µs on GET /api/vendor/phpunit/phpunit/src/Util/PHP/eval-stdin.php?
2025-11-29T07:06:30.106 application=api request_id=GHxocVwBLm5_lUABpqCB [info] Sent 400 in 67µs on GET /api/vendor/phpunit/phpunit/src/Util/PHP/eval-stdin.php?
2025-11-29T17:16:21.658 application=api request_id=GHyJuP5oNSXMndEBtaWC [info] Sent 400 in 115µs on GET /api/.env?
2025-11-29T19:24:12.467 application=api request_id=GHyQsv5L32W_ugQBvXYm [info] Sent 400 in 86µs on GET /api/.env?
2025-11-30T09:08:16.151 application=api request_id=GHy9qv955Gq2PBoB6lxH [info] Sent 400 in 90µs on GET /api/.env?
2025-11-30T09:09:24.942 application=api request_id=GHy9uwPCJba0l-ICFMmB [info] Sent 400 in 65µs on GET /api/.env?
2025-11-30T09:09:40.875 application=api request_id=GHy9vrlyq8AFydsCFM6B [info] Sent 400 in 64µs on GET /api/shared/config/config.env?
2025-11-30T09:09:41.094 application=api request_id=GHy9vsZ3v4oU9uoCFM6h [info] Sent 400 in 97µs on GET /api/shared/config.env?
2025-11-30T09:09:42.044 application=api request_id=GHy9vv8W3EyOVUwB-GcF [info] Sent 400 in 85µs on GET /api/shared/config/.env?
2025-11-30T09:09:42.231 application=api request_id=GHy9vwpJQTvTjiwB9G3j [info] Sent 400 in 71µs on GET /api/shared/.env?
2025-11-30T09:09:42.582 application=api request_id=GHy9vx822ymSiTIB9G4D [info] Sent 400 in 75µs on GET /api/config.env?
2025-11-30T22:25:26.661 application=api request_id=GHzpK2gQjbAMhi0Ch-jB [info] Sent 400 in 89µs on GET /api/vendor/phpunit/phpunit/src/Util/PHP/eval-stdin.php?
2025-12-01T01:27:16.734 application=api request_id=GHzzF5sb_bRkYvMCqbXh [info] Sent 400 in 84µs on GET /api/vendor/phpunit/phpunit/src/Util/PHP/eval-stdin.php?
