2025-11-20T17:26:36.907 application=explorer [info] tx/per day chart: collect records for transactions per day stats
2025-11-20T17:26:36.907 application=explorer [info] tx/per day chart: earliest date 2025-11-11 00:00:00Z
2025-11-20T17:26:36.907 application=explorer [info] tx/per day chart: latest date 2025-11-11 23:59:59Z
2025-11-20T17:26:37.074 application=explorer [info] tx/per day chart: timestamp cannot be converted to min/max blocks, trying to find min/max blocks through a fallback option}
2025-11-20T17:26:37.079 application=explorer [warning] tx/per day chart: failed to get min/max blocks through a fallback option}
2025-11-20T17:26:37.079 application=explorer [info] tx/per day chart: collect records for transactions per day stats
2025-11-20T17:26:37.080 application=explorer [info] tx/per day chart: earliest date 2025-11-12 00:00:00Z
2025-11-20T17:26:37.080 application=explorer [info] tx/per day chart: latest date 2025-11-12 23:59:59Z
2025-11-20T17:26:37.088 application=explorer [info] tx/per day chart: timestamp cannot be converted to min/max blocks, trying to find min/max blocks through a fallback option}
2025-11-20T17:26:37.095 application=explorer [warning] tx/per day chart: failed to get min/max blocks through a fallback option}
2025-11-20T17:26:37.095 application=explorer [info] tx/per day chart: collect records for transactions per day stats
2025-11-20T17:26:37.095 application=explorer [info] tx/per day chart: earliest date 2025-11-13 00:00:00Z
2025-11-20T17:26:37.095 application=explorer [info] tx/per day chart: latest date 2025-11-13 23:59:59Z
2025-11-20T17:26:37.099 application=explorer [info] SanitizeIncorrectNFTTokenTransfers `delete_erc_721` step is finished
2025-11-20T17:26:37.102 application=explorer [info] SanitizeIncorrectWETHTokenTransfers deletion of duplicates finished, continuing with deletion of not whitelisted weth transfers
2025-11-20T17:26:37.105 application=explorer [info] tx/per day chart: timestamp cannot be converted to min/max blocks, trying to find min/max blocks through a fallback option}
2025-11-20T17:26:37.108 application=explorer [warning] tx/per day chart: failed to get min/max blocks through a fallback option}
2025-11-20T17:26:37.108 application=explorer [info] tx/per day chart: collect records for transactions per day stats
2025-11-20T17:26:37.109 application=explorer [info] tx/per day chart: earliest date 2025-11-14 00:00:00Z
2025-11-20T17:26:37.109 application=explorer [info] tx/per day chart: latest date 2025-11-14 23:59:59Z
2025-11-20T17:26:37.110 application=explorer [info] SanitizeIncorrectNFTTokenTransfers `delete_erc_1155` step is finished
2025-11-20T17:26:37.116 application=explorer [info] tx/per day chart: timestamp cannot be converted to min/max blocks, trying to find min/max blocks through a fallback option}
2025-11-20T17:26:37.120 application=explorer [warning] tx/per day chart: failed to get min/max blocks through a fallback option}
2025-11-20T17:26:37.120 application=explorer [info] tx/per day chart: collect records for transactions per day stats
2025-11-20T17:26:37.120 application=explorer [info] tx/per day chart: earliest date 2025-11-15 00:00:00Z
2025-11-20T17:26:37.120 application=explorer [info] tx/per day chart: latest date 2025-11-15 23:59:59Z
2025-11-20T17:26:37.122 application=explorer [info] SanitizeIncorrectNFTTokenTransfers migration finished
2025-11-20T17:26:37.126 application=explorer [info] tx/per day chart: timestamp cannot be converted to min/max blocks, trying to find min/max blocks through a fallback option}
2025-11-20T17:26:37.130 application=explorer [warning] tx/per day chart: failed to get min/max blocks through a fallback option}
2025-11-20T17:26:37.130 application=explorer [info] tx/per day chart: collect records for transactions per day stats
2025-11-20T17:26:37.130 application=explorer [info] tx/per day chart: earliest date 2025-11-16 00:00:00Z
2025-11-20T17:26:37.130 application=explorer [info] tx/per day chart: latest date 2025-11-16 23:59:59Z
2025-11-20T17:26:37.135 application=explorer [info] tx/per day chart: timestamp cannot be converted to min/max blocks, trying to find min/max blocks through a fallback option}
2025-11-20T17:26:37.138 application=explorer [warning] tx/per day chart: failed to get min/max blocks through a fallback option}
2025-11-20T17:26:37.138 application=explorer [info] tx/per day chart: collect records for transactions per day stats
2025-11-20T17:26:37.138 application=explorer [info] tx/per day chart: earliest date 2025-11-17 00:00:00Z
2025-11-20T17:26:37.138 application=explorer [info] tx/per day chart: latest date 2025-11-17 23:59:59Z
2025-11-20T17:26:37.145 application=explorer [info] tx/per day chart: timestamp cannot be converted to min/max blocks, trying to find min/max blocks through a fallback option}
2025-11-20T17:26:37.148 application=explorer [warning] tx/per day chart: failed to get min/max blocks through a fallback option}
2025-11-20T17:26:37.148 application=explorer [info] tx/per day chart: collect records for transactions per day stats
2025-11-20T17:26:37.148 application=explorer [info] tx/per day chart: earliest date 2025-11-18 00:00:00Z
2025-11-20T17:26:37.148 application=explorer [info] tx/per day chart: latest date 2025-11-18 23:59:59Z
2025-11-20T17:26:37.154 application=explorer [info] tx/per day chart: timestamp cannot be converted to min/max blocks, trying to find min/max blocks through a fallback option}
2025-11-20T17:26:37.156 application=explorer [warning] tx/per day chart: failed to get min/max blocks through a fallback option}
2025-11-20T17:26:37.156 application=explorer [info] tx/per day chart: collect records for transactions per day stats
2025-11-20T17:26:37.156 application=explorer [info] tx/per day chart: earliest date 2025-11-19 00:00:00Z
2025-11-20T17:26:37.156 application=explorer [info] tx/per day chart: latest date 2025-11-19 23:59:59Z
2025-11-20T17:26:37.162 application=explorer [info] tx/per day chart: timestamp cannot be converted to min/max blocks, trying to find min/max blocks through a fallback option}
2025-11-20T17:26:37.165 application=explorer [warning] tx/per day chart: failed to get min/max blocks through a fallback option}
2025-11-20T17:26:37.165 application=explorer [info] tx/per day chart: collect records for transactions per day stats
2025-11-20T17:26:37.165 application=explorer [info] tx/per day chart: records collected [%{date: ~D[2025-11-19], gas_used: 0, number_of_transactions: 0, total_fee: 0}, %{date: ~D[2025-11-18], gas_used: 0, number_of_transactions: 0, total_fee: 0}, %{date: ~D[2025-11-17], gas_used: 0, number_of_transactions: 0, total_fee: 0}, %{date: ~D[2025-11-16], gas_used: 0, number_of_transactions: 0, total_fee: 0}, %{date: ~D[2025-11-15], gas_used: 0, number_of_transactions: 0, total_fee: 0}, %{date: ~D[2025-11-14], gas_used: 0, number_of_transactions: 0, total_fee: 0}, %{date: ~D[2025-11-13], gas_used: 0, number_of_transactions: 0, total_fee: 0}, %{date: ~D[2025-11-12], gas_used: 0, number_of_transactions: 0, total_fee: 0}, %{date: ~D[2025-11-11], gas_used: 0, number_of_transactions: 0, total_fee: 0}]
2025-11-20T17:26:37.166 application=explorer [info] tx/per day chart: save records
2025-11-20T17:26:37.170 application=explorer [info] tx/per day chart: number of inserted 10
2025-11-20T17:26:38.094 application=explorer [error] Failed to drop DB index 'logs_block_number_ASC__index_ASC_index': %Postgrex.Error{message: nil, postgres: %{code: :deadlock_detected, line: "1130", message: "deadlock detected", file: "deadlock.c", unknown: "ERROR", severity: "ERROR", hint: "See server log for query details.", detail: "Process 119 waits for ShareUpdateExclusiveLock on relation 16673 of database 16384; blocked by process 60.\nProcess 60 waits for ShareLock on virtual transaction 82/8; blocked by process 119.", pg_code: "40P01", routine: "DeadLockReport"}, connection_id: 119, query: nil}
2025-11-20T17:26:51.900 application=explorer [info] Fetching chain spec path: nil.
2025-11-20T17:26:51.900 application=explorer [info] Fetching precompiled config path: nil.
2025-11-20T17:26:51.900 application=explorer [warning] Genesis data is not fetched. Neither chain spec path or precompiles config path are set.
2025-11-20T17:28:59.563 application=explorer [info] Time consumed for transactions_from_count_task for 0xebfc9ddd903b1eb65f7e06c4ea176fc6189c5131 is 4ms
2025-11-20T17:28:59.563 application=explorer [info] Time consumed for logs counter task for 0xebfc9ddd903b1eb65f7e06c4ea176fc6189c5131 is 4ms
2025-11-20T17:28:59.563 application=explorer [info] Time consumed for validations counter task for 0xebfc9ddd903b1eb65f7e06c4ea176fc6189c5131 is 6ms
2025-11-20T17:28:59.563 application=explorer [info] Time consumed for transactions_to_count_task for 0xebfc9ddd903b1eb65f7e06c4ea176fc6189c5131 is 5ms
2025-11-20T17:28:59.564 application=explorer [info] Time consumed for withdrawals counter task for 0xebfc9ddd903b1eb65f7e06c4ea176fc6189c5131 is 6ms
2025-11-20T17:28:59.564 application=explorer [info] Time consumed for transactions_created_contract_count_task for 0xebfc9ddd903b1eb65f7e06c4ea176fc6189c5131 is 8ms
2025-11-20T17:28:59.565 application=explorer [info] Time consumed for token_transfers counter task for 0xebfc9ddd903b1eb65f7e06c4ea176fc6189c5131 is 8ms
2025-11-20T17:28:59.573 application=explorer [info] Time consumed for internal_transactions counter task for 0xebfc9ddd903b1eb65f7e06c4ea176fc6189c5131 is 15ms
2025-11-20T17:28:59.576 application=explorer [info] Time consumed for token_balances counter task for 0xebfc9ddd903b1eb65f7e06c4ea176fc6189c5131 is 19ms
2025-11-20T17:36:07.327 application=explorer [info] Time consumed for validations counter task for 0x9b231d02ab01e1ff1bbe5294c19cf5c735550a1b is 1ms
2025-11-20T17:36:07.327 application=explorer [info] Time consumed for transactions_to_count_task for 0x9b231d02ab01e1ff1bbe5294c19cf5c735550a1b is 1ms
2025-11-20T17:36:07.328 application=explorer [info] Time consumed for token_transfers counter task for 0x9b231d02ab01e1ff1bbe5294c19cf5c735550a1b is 1ms
2025-11-20T17:36:07.328 application=explorer [info] Time consumed for logs counter task for 0x9b231d02ab01e1ff1bbe5294c19cf5c735550a1b is 1ms
2025-11-20T17:36:07.328 application=explorer [info] Time consumed for transactions_created_contract_count_task for 0x9b231d02ab01e1ff1bbe5294c19cf5c735550a1b is 2ms
2025-11-20T17:36:07.328 application=explorer [info] Time consumed for transactions_from_count_task for 0x9b231d02ab01e1ff1bbe5294c19cf5c735550a1b is 2ms
2025-11-20T17:36:07.329 application=explorer [info] Time consumed for withdrawals counter task for 0x9b231d02ab01e1ff1bbe5294c19cf5c735550a1b is 2ms
2025-11-20T17:36:07.329 application=explorer [info] Time consumed for token_balances counter task for 0x9b231d02ab01e1ff1bbe5294c19cf5c735550a1b is 2ms
2025-11-20T17:36:07.331 application=explorer [info] Time consumed for internal_transactions counter task for 0x9b231d02ab01e1ff1bbe5294c19cf5c735550a1b is 4ms
2025-11-20T17:41:49.658 application=explorer [info] Time consumed for transactions_from_count_task for 0x4401b0aeaa79deb4ccb9391a8ce00d226b95b55c is 1ms
2025-11-20T17:41:49.658 application=explorer [info] Time consumed for transactions_created_contract_count_task for 0x4401b0aeaa79deb4ccb9391a8ce00d226b95b55c is 1ms
2025-11-20T17:41:49.658 application=explorer [info] Time consumed for validations counter task for 0x4401b0aeaa79deb4ccb9391a8ce00d226b95b55c is 1ms
2025-11-20T17:41:49.658 application=explorer [info] Time consumed for token_balances counter task for 0x4401b0aeaa79deb4ccb9391a8ce00d226b95b55c is 1ms
2025-11-20T17:41:49.658 application=explorer [info] Time consumed for token_transfers counter task for 0x4401b0aeaa79deb4ccb9391a8ce00d226b95b55c is 1ms
2025-11-20T17:41:49.658 application=explorer [info] Time consumed for transactions_to_count_task for 0x4401b0aeaa79deb4ccb9391a8ce00d226b95b55c is 1ms
2025-11-20T17:41:49.659 application=explorer [info] Time consumed for withdrawals counter task for 0x4401b0aeaa79deb4ccb9391a8ce00d226b95b55c is 1ms
2025-11-20T17:41:49.659 application=explorer [info] Time consumed for logs counter task for 0x4401b0aeaa79deb4ccb9391a8ce00d226b95b55c is 2ms
2025-11-20T17:41:49.662 application=explorer [info] Time consumed for internal_transactions counter task for 0x4401b0aeaa79deb4ccb9391a8ce00d226b95b55c is 5ms
2025-11-21T00:00:00.000 application=explorer [info] tx/per day chart: collect records for transactions per day stats
2025-11-21T00:00:00.001 application=explorer [info] tx/per day chart: earliest date 2025-11-20 00:00:00Z
2025-11-21T00:00:00.001 application=explorer [info] tx/per day chart: latest date 2025-11-20 23:59:59Z
2025-11-21T00:00:00.009 application=explorer [info] tx/per day chart: min/max block numbers [205257, 238584]
2025-11-21T00:00:00.011 application=explorer [info] tx/per day chart: num of transactions 0
2025-11-21T00:00:00.013 application=explorer [info] tx/per day chart: total gas used 
2025-11-21T00:00:00.015 application=explorer [info] tx/per day chart: total fee 
2025-11-21T00:00:00.015 application=explorer [info] tx/per day chart: collect records for transactions per day stats
2025-11-21T00:00:00.015 application=explorer [info] tx/per day chart: records collected [%{date: ~D[2025-11-20], gas_used: nil, number_of_transactions: 0, total_fee: nil}]
2025-11-21T00:00:00.015 application=explorer [info] tx/per day chart: save records
2025-11-21T00:00:00.019 application=explorer [info] tx/per day chart: number of inserted 2
2025-11-21T14:38:34.598 application=explorer [info] Time consumed for validations counter task for 0xe5e88004338a161ebc3ae1e4240051c66300f5e4 is 2ms
2025-11-21T14:38:34.598 application=explorer [info] Time consumed for transactions_from_count_task for 0xe5e88004338a161ebc3ae1e4240051c66300f5e4 is 2ms
2025-11-21T14:38:34.598 application=explorer [info] Time consumed for transactions_created_contract_count_task for 0xe5e88004338a161ebc3ae1e4240051c66300f5e4 is 2ms
2025-11-21T14:38:34.598 application=explorer [info] Time consumed for transactions_to_count_task for 0xe5e88004338a161ebc3ae1e4240051c66300f5e4 is 2ms
2025-11-21T14:38:34.601 application=explorer [info] Time consumed for logs counter task for 0xe5e88004338a161ebc3ae1e4240051c66300f5e4 is 4ms
2025-11-21T14:38:34.601 application=explorer [info] Time consumed for withdrawals counter task for 0xe5e88004338a161ebc3ae1e4240051c66300f5e4 is 4ms
2025-11-21T14:38:34.601 application=explorer [info] Time consumed for token_transfers counter task for 0xe5e88004338a161ebc3ae1e4240051c66300f5e4 is 4ms
2025-11-21T14:38:34.601 application=explorer [info] Time consumed for token_balances counter task for 0xe5e88004338a161ebc3ae1e4240051c66300f5e4 is 4ms
2025-11-21T14:38:34.606 application=explorer [info] Time consumed for internal_transactions counter task for 0xe5e88004338a161ebc3ae1e4240051c66300f5e4 is 9ms
2025-11-22T00:00:00.000 application=explorer [info] tx/per day chart: collect records for transactions per day stats
2025-11-22T00:00:00.001 application=explorer [info] tx/per day chart: earliest date 2025-11-21 00:00:00Z
2025-11-22T00:00:00.001 application=explorer [info] tx/per day chart: latest date 2025-11-21 23:59:59Z
2025-11-22T00:00:00.005 application=explorer [info] tx/per day chart: min/max block numbers [238585, 252984]
2025-11-22T00:00:00.006 application=explorer [info] tx/per day chart: num of transactions 5
2025-11-22T00:00:00.007 application=explorer [info] tx/per day chart: total gas used 105000
2025-11-22T00:00:00.008 application=explorer [info] tx/per day chart: total fee 0
2025-11-22T00:00:00.008 application=explorer [info] tx/per day chart: collect records for transactions per day stats
2025-11-22T00:00:00.008 application=explorer [info] tx/per day chart: records collected [%{date: ~D[2025-11-21], gas_used: Decimal.new("105000"), number_of_transactions: 5, total_fee: Decimal.new("0")}]
2025-11-22T00:00:00.008 application=explorer [info] tx/per day chart: save records
2025-11-22T00:00:00.012 application=explorer [info] tx/per day chart: number of inserted 2
2025-11-23T00:00:00.000 application=explorer [info] tx/per day chart: collect records for transactions per day stats
2025-11-23T00:00:00.001 application=explorer [info] tx/per day chart: earliest date 2025-11-22 00:00:00Z
2025-11-23T00:00:00.001 application=explorer [info] tx/per day chart: latest date 2025-11-22 23:59:59Z
2025-11-23T00:00:00.007 application=explorer [info] tx/per day chart: min/max block numbers [252985, 267384]
2025-11-23T00:00:00.008 application=explorer [info] tx/per day chart: num of transactions 0
2025-11-23T00:00:00.009 application=explorer [info] tx/per day chart: total gas used 
2025-11-23T00:00:00.010 application=explorer [info] tx/per day chart: total fee 
2025-11-23T00:00:00.010 application=explorer [info] tx/per day chart: collect records for transactions per day stats
2025-11-23T00:00:00.010 application=explorer [info] tx/per day chart: records collected [%{date: ~D[2025-11-22], gas_used: nil, number_of_transactions: 0, total_fee: nil}]
2025-11-23T00:00:00.010 application=explorer [info] tx/per day chart: save records
2025-11-23T00:00:00.014 application=explorer [info] tx/per day chart: number of inserted 2
2025-11-24T00:00:00.000 application=explorer [info] tx/per day chart: collect records for transactions per day stats
2025-11-24T00:00:00.001 application=explorer [info] tx/per day chart: earliest date 2025-11-23 00:00:00Z
2025-11-24T00:00:00.001 application=explorer [info] tx/per day chart: latest date 2025-11-23 23:59:59Z
2025-11-24T00:00:00.008 application=explorer [info] tx/per day chart: min/max block numbers [267385, 281784]
2025-11-24T00:00:00.010 application=explorer [info] tx/per day chart: num of transactions 0
2025-11-24T00:00:00.011 application=explorer [info] tx/per day chart: total gas used 
2025-11-24T00:00:00.012 application=explorer [info] tx/per day chart: total fee 
2025-11-24T00:00:00.012 application=explorer [info] tx/per day chart: collect records for transactions per day stats
2025-11-24T00:00:00.012 application=explorer [info] tx/per day chart: records collected [%{date: ~D[2025-11-23], gas_used: nil, number_of_transactions: 0, total_fee: nil}]
2025-11-24T00:00:00.013 application=explorer [info] tx/per day chart: save records
2025-11-24T00:00:00.016 application=explorer [info] tx/per day chart: number of inserted 2
2025-11-25T00:00:00.000 application=explorer [info] tx/per day chart: collect records for transactions per day stats
2025-11-25T00:00:00.001 application=explorer [info] tx/per day chart: earliest date 2025-11-24 00:00:00Z
2025-11-25T00:00:00.001 application=explorer [info] tx/per day chart: latest date 2025-11-24 23:59:59Z
2025-11-25T00:00:00.005 application=explorer [info] tx/per day chart: min/max block numbers [281785, 296184]
2025-11-25T00:00:00.006 application=explorer [info] tx/per day chart: num of transactions 0
2025-11-25T00:00:00.007 application=explorer [info] tx/per day chart: total gas used 
2025-11-25T00:00:00.009 application=explorer [info] tx/per day chart: total fee 
2025-11-25T00:00:00.009 application=explorer [info] tx/per day chart: collect records for transactions per day stats
2025-11-25T00:00:00.009 application=explorer [info] tx/per day chart: records collected [%{date: ~D[2025-11-24], gas_used: nil, number_of_transactions: 0, total_fee: nil}]
2025-11-25T00:00:00.009 application=explorer [info] tx/per day chart: save records
2025-11-25T00:00:00.013 application=explorer [info] tx/per day chart: number of inserted 2
2025-11-25T01:49:13.314 application=explorer [info] tx/per day chart: collect records for transactions per day stats
2025-11-25T01:49:13.314 application=explorer [info] tx/per day chart: earliest date 2025-11-16 00:00:00Z
2025-11-25T01:49:13.314 application=explorer [info] tx/per day chart: latest date 2025-11-16 23:59:59Z
2025-11-25T01:49:13.413 application=explorer [info] tx/per day chart: min/max block numbers [32463, 75662]
2025-11-25T01:49:13.423 application=explorer [info] tx/per day chart: num of transactions 9
2025-11-25T01:49:13.429 application=explorer [info] tx/per day chart: total gas used 1290555
2025-11-25T01:49:13.434 application=explorer [info] tx/per day chart: total fee 0
2025-11-25T01:49:13.434 application=explorer [info] tx/per day chart: collect records for transactions per day stats
2025-11-25T01:49:13.434 application=explorer [info] tx/per day chart: earliest date 2025-11-17 00:00:00Z
2025-11-25T01:49:13.434 application=explorer [info] tx/per day chart: latest date 2025-11-17 23:59:59Z
2025-11-25T01:49:13.454 application=explorer [info] tx/per day chart: min/max block numbers [75663, 118856]
2025-11-25T01:49:13.459 application=explorer [info] tx/per day chart: num of transactions 3
2025-11-25T01:49:13.463 application=explorer [info] tx/per day chart: total gas used 243974
2025-11-25T01:49:13.467 application=explorer [info] tx/per day chart: total fee 0
2025-11-25T01:49:13.467 application=explorer [info] tx/per day chart: collect records for transactions per day stats
2025-11-25T01:49:13.467 application=explorer [info] tx/per day chart: earliest date 2025-11-18 00:00:00Z
2025-11-25T01:49:13.467 application=explorer [info] tx/per day chart: latest date 2025-11-18 23:59:59Z
2025-11-25T01:49:13.479 application=explorer [info] tx/per day chart: min/max block numbers [118857, 162056]
2025-11-25T01:49:13.484 application=explorer [info] tx/per day chart: num of transactions 8
2025-11-25T01:49:13.488 application=explorer [info] tx/per day chart: total gas used 2465910
2025-11-25T01:49:13.493 application=explorer [info] tx/per day chart: total fee 0
2025-11-25T01:49:13.493 application=explorer [info] tx/per day chart: collect records for transactions per day stats
2025-11-25T01:49:13.493 application=explorer [info] tx/per day chart: earliest date 2025-11-19 00:00:00Z
2025-11-25T01:49:13.493 application=explorer [info] tx/per day chart: latest date 2025-11-19 23:59:59Z
2025-11-25T01:49:13.509 application=explorer [info] tx/per day chart: min/max block numbers [162057, 205256]
2025-11-25T01:49:13.512 application=explorer [info] tx/per day chart: num of transactions 4
2025-11-25T01:49:13.516 application=explorer [info] tx/per day chart: total gas used 84000
2025-11-25T01:49:13.520 application=explorer [info] tx/per day chart: total fee 0
2025-11-25T01:49:13.520 application=explorer [info] tx/per day chart: collect records for transactions per day stats
2025-11-25T01:49:13.520 application=explorer [info] tx/per day chart: earliest date 2025-11-20 00:00:00Z
2025-11-25T01:49:13.520 application=explorer [info] tx/per day chart: latest date 2025-11-20 23:59:59Z
2025-11-25T01:49:13.535 application=explorer [info] tx/per day chart: min/max block numbers [205257, 238584]
2025-11-25T01:49:13.540 application=explorer [info] tx/per day chart: num of transactions 0
2025-11-25T01:49:13.545 application=explorer [info] tx/per day chart: total gas used 
2025-11-25T01:49:13.556 application=explorer [info] tx/per day chart: total fee 
2025-11-25T01:49:13.556 application=explorer [info] tx/per day chart: collect records for transactions per day stats
2025-11-25T01:49:13.557 application=explorer [info] tx/per day chart: earliest date 2025-11-21 00:00:00Z
2025-11-25T01:49:13.557 application=explorer [info] tx/per day chart: latest date 2025-11-21 23:59:59Z
2025-11-25T01:49:13.583 application=explorer [info] tx/per day chart: min/max block numbers [238585, 252984]
2025-11-25T01:49:13.586 application=explorer [info] tx/per day chart: num of transactions 5
2025-11-25T01:49:13.588 application=explorer [info] tx/per day chart: total gas used 105000
2025-11-25T01:49:13.593 application=explorer [info] tx/per day chart: total fee 0
2025-11-25T01:49:13.593 application=explorer [info] tx/per day chart: collect records for transactions per day stats
2025-11-25T01:49:13.593 application=explorer [info] tx/per day chart: earliest date 2025-11-22 00:00:00Z
2025-11-25T01:49:13.593 application=explorer [info] tx/per day chart: latest date 2025-11-22 23:59:59Z
2025-11-25T01:49:13.606 application=explorer [info] tx/per day chart: min/max block numbers [252985, 267384]
2025-11-25T01:49:13.610 application=explorer [info] tx/per day chart: num of transactions 0
2025-11-25T01:49:13.611 application=explorer [info] tx/per day chart: total gas used 
2025-11-25T01:49:13.615 application=explorer [info] tx/per day chart: total fee 
2025-11-25T01:49:13.615 application=explorer [info] tx/per day chart: collect records for transactions per day stats
2025-11-25T01:49:13.615 application=explorer [info] tx/per day chart: earliest date 2025-11-23 00:00:00Z
2025-11-25T01:49:13.615 application=explorer [info] tx/per day chart: latest date 2025-11-23 23:59:59Z
2025-11-25T01:49:13.627 application=explorer [info] tx/per day chart: min/max block numbers [267385, 281784]
2025-11-25T01:49:13.631 application=explorer [info] tx/per day chart: num of transactions 0
2025-11-25T01:49:13.636 application=explorer [info] tx/per day chart: total gas used 
2025-11-25T01:49:13.641 application=explorer [info] tx/per day chart: total fee 
2025-11-25T01:49:13.641 application=explorer [info] tx/per day chart: collect records for transactions per day stats
2025-11-25T01:49:13.641 application=explorer [info] tx/per day chart: earliest date 2025-11-24 00:00:00Z
2025-11-25T01:49:13.641 application=explorer [info] tx/per day chart: latest date 2025-11-24 23:59:59Z
2025-11-25T01:49:13.655 application=explorer [info] tx/per day chart: min/max block numbers [281785, 296184]
2025-11-25T01:49:13.658 application=explorer [info] tx/per day chart: num of transactions 0
2025-11-25T01:49:13.660 application=explorer [info] tx/per day chart: total gas used 
2025-11-25T01:49:13.664 application=explorer [info] tx/per day chart: total fee 
2025-11-25T01:49:13.664 application=explorer [info] tx/per day chart: collect records for transactions per day stats
2025-11-25T01:49:13.664 application=explorer [info] tx/per day chart: records collected [%{date: ~D[2025-11-24], gas_used: nil, number_of_transactions: 0, total_fee: nil}, %{date: ~D[2025-11-23], gas_used: nil, number_of_transactions: 0, total_fee: nil}, %{date: ~D[2025-11-22], gas_used: nil, number_of_transactions: 0, total_fee: nil}, %{date: ~D[2025-11-21], gas_used: Decimal.new("105000"), number_of_transactions: 5, total_fee: Decimal.new("0")}, %{date: ~D[2025-11-20], gas_used: nil, number_of_transactions: 0, total_fee: nil}, %{date: ~D[2025-11-19], gas_used: Decimal.new("84000"), number_of_transactions: 4, total_fee: Decimal.new("0")}, %{date: ~D[2025-11-18], gas_used: Decimal.new("2465910"), number_of_transactions: 8, total_fee: Decimal.new("0")}, %{date: ~D[2025-11-17], gas_used: Decimal.new("243974"), number_of_transactions: 3, total_fee: Decimal.new("0")}, %{date: ~D[2025-11-16], gas_used: Decimal.new("1290555"), number_of_transactions: 9, total_fee: Decimal.new("0")}]
2025-11-25T01:49:13.664 application=explorer [info] tx/per day chart: save records
2025-11-25T01:49:13.670 application=explorer [info] tx/per day chart: number of inserted 10
2025-11-25T01:49:28.313 application=explorer [info] Fetching chain spec path: nil.
2025-11-25T01:49:28.313 application=explorer [info] Fetching precompiled config path: nil.
2025-11-25T01:49:28.313 application=explorer [warning] Genesis data is not fetched. Neither chain spec path or precompiles config path are set.
2025-11-25T01:51:04.371 application=explorer [info] Time consumed for token_transfers counter task for 0x9b231d02ab01e1ff1bbe5294c19cf5c735550a1b is 6ms
2025-11-25T01:51:04.371 application=explorer [info] Time consumed for token_balances counter task for 0x9b231d02ab01e1ff1bbe5294c19cf5c735550a1b is 6ms
2025-11-25T01:51:04.371 application=explorer [info] Time consumed for logs counter task for 0x9b231d02ab01e1ff1bbe5294c19cf5c735550a1b is 7ms
2025-11-25T01:51:04.371 application=explorer [info] Time consumed for transactions_created_contract_count_task for 0x9b231d02ab01e1ff1bbe5294c19cf5c735550a1b is 8ms
2025-11-25T01:51:04.371 application=explorer [info] Time consumed for withdrawals counter task for 0x9b231d02ab01e1ff1bbe5294c19cf5c735550a1b is 4ms
2025-11-25T01:51:04.371 application=explorer [info] Time consumed for transactions_from_count_task for 0x9b231d02ab01e1ff1bbe5294c19cf5c735550a1b is 5ms
2025-11-25T01:51:04.372 application=explorer [info] Time consumed for validations counter task for 0x9b231d02ab01e1ff1bbe5294c19cf5c735550a1b is 5ms
2025-11-25T01:51:04.373 application=explorer [info] Time consumed for transactions_to_count_task for 0x9b231d02ab01e1ff1bbe5294c19cf5c735550a1b is 9ms
2025-11-25T01:51:04.377 application=explorer [info] Time consumed for internal_transactions counter task for 0x9b231d02ab01e1ff1bbe5294c19cf5c735550a1b is 12ms
2025-11-25T01:53:30.819 application=explorer [info] tx/per day chart: collect records for transactions per day stats
2025-11-25T01:53:30.819 application=explorer [info] tx/per day chart: earliest date 2025-11-16 00:00:00Z
2025-11-25T01:53:30.819 application=explorer [info] tx/per day chart: latest date 2025-11-16 23:59:59Z
2025-11-25T01:53:30.925 application=explorer [info] tx/per day chart: min/max block numbers [32463, 75662]
2025-11-25T01:53:30.933 application=explorer [info] tx/per day chart: num of transactions 9
2025-11-25T01:53:30.937 application=explorer [info] tx/per day chart: total gas used 1290555
2025-11-25T01:53:30.946 application=explorer [info] tx/per day chart: total fee 0
2025-11-25T01:53:30.946 application=explorer [info] tx/per day chart: collect records for transactions per day stats
2025-11-25T01:53:30.946 application=explorer [info] tx/per day chart: earliest date 2025-11-17 00:00:00Z
2025-11-25T01:53:30.946 application=explorer [info] tx/per day chart: latest date 2025-11-17 23:59:59Z
2025-11-25T01:53:30.974 application=explorer [info] tx/per day chart: min/max block numbers [75663, 118856]
2025-11-25T01:53:30.978 application=explorer [info] tx/per day chart: num of transactions 3
2025-11-25T01:53:30.985 application=explorer [info] tx/per day chart: total gas used 243974
2025-11-25T01:53:30.988 application=explorer [info] tx/per day chart: total fee 0
2025-11-25T01:53:30.988 application=explorer [info] tx/per day chart: collect records for transactions per day stats
2025-11-25T01:53:30.989 application=explorer [info] tx/per day chart: earliest date 2025-11-18 00:00:00Z
2025-11-25T01:53:30.989 application=explorer [info] tx/per day chart: latest date 2025-11-18 23:59:59Z
2025-11-25T01:53:31.007 application=explorer [info] tx/per day chart: min/max block numbers [118857, 162056]
2025-11-25T01:53:31.012 application=explorer [info] tx/per day chart: num of transactions 8
2025-11-25T01:53:31.016 application=explorer [info] tx/per day chart: total gas used 2465910
2025-11-25T01:53:31.022 application=explorer [info] tx/per day chart: total fee 0
2025-11-25T01:53:31.022 application=explorer [info] tx/per day chart: collect records for transactions per day stats
2025-11-25T01:53:31.022 application=explorer [info] tx/per day chart: earliest date 2025-11-19 00:00:00Z
2025-11-25T01:53:31.022 application=explorer [info] tx/per day chart: latest date 2025-11-19 23:59:59Z
2025-11-25T01:53:31.037 application=explorer [info] tx/per day chart: min/max block numbers [162057, 205256]
2025-11-25T01:53:31.039 application=explorer [info] tx/per day chart: num of transactions 4
2025-11-25T01:53:31.044 application=explorer [info] tx/per day chart: total gas used 84000
2025-11-25T01:53:31.052 application=explorer [info] tx/per day chart: total fee 0
2025-11-25T01:53:31.052 application=explorer [info] tx/per day chart: collect records for transactions per day stats
2025-11-25T01:53:31.052 application=explorer [info] tx/per day chart: earliest date 2025-11-20 00:00:00Z
2025-11-25T01:53:31.052 application=explorer [info] tx/per day chart: latest date 2025-11-20 23:59:59Z
2025-11-25T01:53:31.069 application=explorer [info] tx/per day chart: min/max block numbers [205257, 238584]
2025-11-25T01:53:31.075 application=explorer [info] tx/per day chart: num of transactions 0
2025-11-25T01:53:31.081 application=explorer [info] tx/per day chart: total gas used 
2025-11-25T01:53:31.085 application=explorer [info] tx/per day chart: total fee 
2025-11-25T01:53:31.085 application=explorer [info] tx/per day chart: collect records for transactions per day stats
2025-11-25T01:53:31.085 application=explorer [info] tx/per day chart: earliest date 2025-11-21 00:00:00Z
2025-11-25T01:53:31.085 application=explorer [info] tx/per day chart: latest date 2025-11-21 23:59:59Z
2025-11-25T01:53:31.104 application=explorer [info] tx/per day chart: min/max block numbers [238585, 252984]
2025-11-25T01:53:31.112 application=explorer [info] tx/per day chart: num of transactions 5
2025-11-25T01:53:31.114 application=explorer [info] tx/per day chart: total gas used 105000
2025-11-25T01:53:31.121 application=explorer [info] tx/per day chart: total fee 0
2025-11-25T01:53:31.121 application=explorer [info] tx/per day chart: collect records for transactions per day stats
2025-11-25T01:53:31.121 application=explorer [info] tx/per day chart: earliest date 2025-11-22 00:00:00Z
2025-11-25T01:53:31.121 application=explorer [info] tx/per day chart: latest date 2025-11-22 23:59:59Z
2025-11-25T01:53:31.141 application=explorer [info] tx/per day chart: min/max block numbers [252985, 267384]
2025-11-25T01:53:31.147 application=explorer [info] tx/per day chart: num of transactions 0
2025-11-25T01:53:31.152 application=explorer [info] tx/per day chart: total gas used 
2025-11-25T01:53:31.153 application=explorer [info] tx/per day chart: total fee 
2025-11-25T01:53:31.153 application=explorer [info] tx/per day chart: collect records for transactions per day stats
2025-11-25T01:53:31.153 application=explorer [info] tx/per day chart: earliest date 2025-11-23 00:00:00Z
2025-11-25T01:53:31.154 application=explorer [info] tx/per day chart: latest date 2025-11-23 23:59:59Z
2025-11-25T01:53:31.167 application=explorer [info] tx/per day chart: min/max block numbers [267385, 281784]
2025-11-25T01:53:31.170 application=explorer [info] tx/per day chart: num of transactions 0
2025-11-25T01:53:31.174 application=explorer [info] tx/per day chart: total gas used 
2025-11-25T01:53:31.178 application=explorer [info] tx/per day chart: total fee 
2025-11-25T01:53:31.178 application=explorer [info] tx/per day chart: collect records for transactions per day stats
2025-11-25T01:53:31.178 application=explorer [info] tx/per day chart: earliest date 2025-11-24 00:00:00Z
2025-11-25T01:53:31.178 application=explorer [info] tx/per day chart: latest date 2025-11-24 23:59:59Z
2025-11-25T01:53:31.193 application=explorer [info] tx/per day chart: min/max block numbers [281785, 296184]
2025-11-25T01:53:31.199 application=explorer [info] tx/per day chart: num of transactions 0
2025-11-25T01:53:31.204 application=explorer [info] tx/per day chart: total gas used 
2025-11-25T01:53:31.207 application=explorer [info] tx/per day chart: total fee 
2025-11-25T01:53:31.207 application=explorer [info] tx/per day chart: collect records for transactions per day stats
2025-11-25T01:53:31.207 application=explorer [info] tx/per day chart: records collected [%{date: ~D[2025-11-24], gas_used: nil, number_of_transactions: 0, total_fee: nil}, %{date: ~D[2025-11-23], gas_used: nil, number_of_transactions: 0, total_fee: nil}, %{date: ~D[2025-11-22], gas_used: nil, number_of_transactions: 0, total_fee: nil}, %{date: ~D[2025-11-21], gas_used: Decimal.new("105000"), number_of_transactions: 5, total_fee: Decimal.new("0")}, %{date: ~D[2025-11-20], gas_used: nil, number_of_transactions: 0, total_fee: nil}, %{date: ~D[2025-11-19], gas_used: Decimal.new("84000"), number_of_transactions: 4, total_fee: Decimal.new("0")}, %{date: ~D[2025-11-18], gas_used: Decimal.new("2465910"), number_of_transactions: 8, total_fee: Decimal.new("0")}, %{date: ~D[2025-11-17], gas_used: Decimal.new("243974"), number_of_transactions: 3, total_fee: Decimal.new("0")}, %{date: ~D[2025-11-16], gas_used: Decimal.new("1290555"), number_of_transactions: 9, total_fee: Decimal.new("0")}]
2025-11-25T01:53:31.207 application=explorer [info] tx/per day chart: save records
2025-11-25T01:53:31.212 application=explorer [info] tx/per day chart: number of inserted 10
2025-11-25T01:53:38.651 application=explorer [info] Time consumed for validations counter task for 0x9b231d02ab01e1ff1bbe5294c19cf5c735550a1b is 5ms
2025-11-25T01:53:38.651 application=explorer [info] Time consumed for token_balances counter task for 0x9b231d02ab01e1ff1bbe5294c19cf5c735550a1b is 7ms
2025-11-25T01:53:38.651 application=explorer [info] Time consumed for token_transfers counter task for 0x9b231d02ab01e1ff1bbe5294c19cf5c735550a1b is 8ms
2025-11-25T01:53:38.651 application=explorer [info] Time consumed for transactions_from_count_task for 0x9b231d02ab01e1ff1bbe5294c19cf5c735550a1b is 6ms
2025-11-25T01:53:38.651 application=explorer [info] Time consumed for withdrawals counter task for 0x9b231d02ab01e1ff1bbe5294c19cf5c735550a1b is 8ms
2025-11-25T01:53:38.651 application=explorer [info] Time consumed for logs counter task for 0x9b231d02ab01e1ff1bbe5294c19cf5c735550a1b is 8ms
2025-11-25T01:53:38.653 application=explorer [info] Time consumed for transactions_created_contract_count_task for 0x9b231d02ab01e1ff1bbe5294c19cf5c735550a1b is 10ms
2025-11-25T01:53:38.656 application=explorer [info] Time consumed for transactions_to_count_task for 0x9b231d02ab01e1ff1bbe5294c19cf5c735550a1b is 13ms
2025-11-25T01:53:38.657 application=explorer [info] Time consumed for internal_transactions counter task for 0x9b231d02ab01e1ff1bbe5294c19cf5c735550a1b is 14ms
2025-11-25T01:53:45.817 application=explorer [info] Fetching chain spec path: nil.
2025-11-25T01:53:45.817 application=explorer [info] Fetching precompiled config path: nil.
2025-11-25T01:53:45.817 application=explorer [warning] Genesis data is not fetched. Neither chain spec path or precompiles config path are set.
2025-11-25T02:17:08.457 application=explorer [info] tx/per day chart: collect records for transactions per day stats
2025-11-25T02:17:08.457 application=explorer [info] tx/per day chart: earliest date 2025-11-16 00:00:00Z
2025-11-25T02:17:08.457 application=explorer [info] tx/per day chart: latest date 2025-11-16 23:59:59Z
2025-11-25T02:17:08.511 application=explorer [info] tx/per day chart: timestamp cannot be converted to min/max blocks, trying to find min/max blocks through a fallback option}
2025-11-25T02:17:08.527 application=explorer [warning] tx/per day chart: failed to get min/max blocks through a fallback option}
2025-11-25T02:17:08.527 application=explorer [info] tx/per day chart: collect records for transactions per day stats
2025-11-25T02:17:08.527 application=explorer [info] tx/per day chart: earliest date 2025-11-17 00:00:00Z
2025-11-25T02:17:08.528 application=explorer [info] tx/per day chart: latest date 2025-11-17 23:59:59Z
2025-11-25T02:17:08.563 application=explorer [info] tx/per day chart: timestamp cannot be converted to min/max blocks, trying to find min/max blocks through a fallback option}
2025-11-25T02:17:08.572 application=explorer [warning] tx/per day chart: failed to get min/max blocks through a fallback option}
2025-11-25T02:17:08.572 application=explorer [info] tx/per day chart: collect records for transactions per day stats
2025-11-25T02:17:08.572 application=explorer [info] tx/per day chart: earliest date 2025-11-18 00:00:00Z
2025-11-25T02:17:08.572 application=explorer [info] tx/per day chart: latest date 2025-11-18 23:59:59Z
2025-11-25T02:17:08.574 application=explorer [info] SanitizeIncorrectNFTTokenTransfers `delete_erc_721` step is finished
2025-11-25T02:17:08.578 application=explorer [info] tx/per day chart: timestamp cannot be converted to min/max blocks, trying to find min/max blocks through a fallback option}
2025-11-25T02:17:08.581 application=explorer [warning] tx/per day chart: failed to get min/max blocks through a fallback option}
2025-11-25T02:17:08.581 application=explorer [info] SanitizeIncorrectWETHTokenTransfers deletion of duplicates finished, continuing with deletion of not whitelisted weth transfers
2025-11-25T02:17:08.583 application=explorer [info] tx/per day chart: collect records for transactions per day stats
2025-11-25T02:17:08.583 application=explorer [info] tx/per day chart: earliest date 2025-11-19 00:00:00Z
2025-11-25T02:17:08.583 application=explorer [info] tx/per day chart: latest date 2025-11-19 23:59:59Z
2025-11-25T02:17:08.584 application=explorer [info] SanitizeIncorrectNFTTokenTransfers `delete_erc_1155` step is finished
2025-11-25T02:17:08.589 application=explorer [info] tx/per day chart: timestamp cannot be converted to min/max blocks, trying to find min/max blocks through a fallback option}
2025-11-25T02:17:08.591 application=explorer [warning] tx/per day chart: failed to get min/max blocks through a fallback option}
2025-11-25T02:17:08.591 application=explorer [info] tx/per day chart: collect records for transactions per day stats
2025-11-25T02:17:08.591 application=explorer [info] tx/per day chart: earliest date 2025-11-20 00:00:00Z
2025-11-25T02:17:08.591 application=explorer [info] tx/per day chart: latest date 2025-11-20 23:59:59Z
2025-11-25T02:17:08.595 application=explorer [info] SanitizeIncorrectNFTTokenTransfers migration finished
2025-11-25T02:17:08.598 application=explorer [info] tx/per day chart: timestamp cannot be converted to min/max blocks, trying to find min/max blocks through a fallback option}
2025-11-25T02:17:08.601 application=explorer [warning] tx/per day chart: failed to get min/max blocks through a fallback option}
2025-11-25T02:17:08.601 application=explorer [info] tx/per day chart: collect records for transactions per day stats
2025-11-25T02:17:08.601 application=explorer [info] tx/per day chart: earliest date 2025-11-21 00:00:00Z
2025-11-25T02:17:08.601 application=explorer [info] tx/per day chart: latest date 2025-11-21 23:59:59Z
2025-11-25T02:17:08.606 application=explorer [info] tx/per day chart: timestamp cannot be converted to min/max blocks, trying to find min/max blocks through a fallback option}
2025-11-25T02:17:08.609 application=explorer [warning] tx/per day chart: failed to get min/max blocks through a fallback option}
2025-11-25T02:17:08.609 application=explorer [info] tx/per day chart: collect records for transactions per day stats
2025-11-25T02:17:08.609 application=explorer [info] tx/per day chart: earliest date 2025-11-22 00:00:00Z
2025-11-25T02:17:08.609 application=explorer [info] tx/per day chart: latest date 2025-11-22 23:59:59Z
2025-11-25T02:17:08.613 application=explorer [info] tx/per day chart: timestamp cannot be converted to min/max blocks, trying to find min/max blocks through a fallback option}
2025-11-25T02:17:08.615 application=explorer [warning] tx/per day chart: failed to get min/max blocks through a fallback option}
2025-11-25T02:17:08.615 application=explorer [info] tx/per day chart: collect records for transactions per day stats
2025-11-25T02:17:08.615 application=explorer [info] tx/per day chart: earliest date 2025-11-23 00:00:00Z
2025-11-25T02:17:08.615 application=explorer [info] tx/per day chart: latest date 2025-11-23 23:59:59Z
2025-11-25T02:17:08.619 application=explorer [info] tx/per day chart: timestamp cannot be converted to min/max blocks, trying to find min/max blocks through a fallback option}
2025-11-25T02:17:08.621 application=explorer [warning] tx/per day chart: failed to get min/max blocks through a fallback option}
2025-11-25T02:17:08.621 application=explorer [info] tx/per day chart: collect records for transactions per day stats
2025-11-25T02:17:08.621 application=explorer [info] tx/per day chart: earliest date 2025-11-24 00:00:00Z
2025-11-25T02:17:08.621 application=explorer [info] tx/per day chart: latest date 2025-11-24 23:59:59Z
2025-11-25T02:17:08.625 application=explorer [info] tx/per day chart: timestamp cannot be converted to min/max blocks, trying to find min/max blocks through a fallback option}
2025-11-25T02:17:08.627 application=explorer [warning] tx/per day chart: failed to get min/max blocks through a fallback option}
2025-11-25T02:17:08.627 application=explorer [info] tx/per day chart: collect records for transactions per day stats
2025-11-25T02:17:08.627 application=explorer [info] tx/per day chart: records collected [%{date: ~D[2025-11-24], gas_used: 0, number_of_transactions: 0, total_fee: 0}, %{date: ~D[2025-11-23], gas_used: 0, number_of_transactions: 0, total_fee: 0}, %{date: ~D[2025-11-22], gas_used: 0, number_of_transactions: 0, total_fee: 0}, %{date: ~D[2025-11-21], gas_used: 0, number_of_transactions: 0, total_fee: 0}, %{date: ~D[2025-11-20], gas_used: 0, number_of_transactions: 0, total_fee: 0}, %{date: ~D[2025-11-19], gas_used: 0, number_of_transactions: 0, total_fee: 0}, %{date: ~D[2025-11-18], gas_used: 0, number_of_transactions: 0, total_fee: 0}, %{date: ~D[2025-11-17], gas_used: 0, number_of_transactions: 0, total_fee: 0}, %{date: ~D[2025-11-16], gas_used: 0, number_of_transactions: 0, total_fee: 0}]
2025-11-25T02:17:08.627 application=explorer [info] tx/per day chart: save records
2025-11-25T02:17:08.631 application=explorer [info] tx/per day chart: number of inserted 10
2025-11-25T02:17:09.566 application=explorer [error] Failed to drop DB index 'logs_block_number_ASC__index_ASC_index': %Postgrex.Error{message: nil, postgres: %{code: :deadlock_detected, line: "1130", message: "deadlock detected", file: "deadlock.c", unknown: "ERROR", severity: "ERROR", hint: "See server log for query details.", detail: "Process 155 waits for ShareUpdateExclusiveLock on relation 16494 of database 16384; blocked by process 120.\nProcess 120 waits for ShareLock on virtual transaction 83/5; blocked by process 155.", pg_code: "40P01", routine: "DeadLockReport"}, connection_id: 155, query: nil}
2025-11-25T02:17:23.453 application=explorer [info] Fetching chain spec path: nil.
2025-11-25T02:17:23.453 application=explorer [info] Fetching precompiled config path: nil.
2025-11-25T02:17:23.453 application=explorer [warning] Genesis data is not fetched. Neither chain spec path or precompiles config path are set.
2025-11-25T02:37:09.553 application=explorer [error] Failed to run create DB index query: %Postgrex.Error{message: nil, postgres: %{code: :deadlock_detected, line: "1130", message: "deadlock detected", file: "deadlock.c", unknown: "ERROR", severity: "ERROR", hint: "See server log for query details.", detail: "Process 124 waits for ShareUpdateExclusiveLock on relation 16522 of database 16384; blocked by process 121.\nProcess 121 waits for ShareLock on virtual transaction 57/227; blocked by process 124.", pg_code: "40P01", routine: "DeadLockReport"}, connection_id: 124, query: nil}
2025-11-25T12:41:42.035 application=explorer [info] Time consumed for validations counter task for 0x7006ecdb1394e6a45d6c4da1cc5ff60ce1ad60d5 is 3ms
2025-11-25T12:41:42.035 application=explorer [info] Time consumed for token_transfers counter task for 0x7006ecdb1394e6a45d6c4da1cc5ff60ce1ad60d5 is 2ms
2025-11-25T12:41:42.035 application=explorer [info] Time consumed for transactions_to_count_task for 0x7006ecdb1394e6a45d6c4da1cc5ff60ce1ad60d5 is 3ms
2025-11-25T12:41:42.035 application=explorer [info] Time consumed for transactions_created_contract_count_task for 0x7006ecdb1394e6a45d6c4da1cc5ff60ce1ad60d5 is 3ms
2025-11-25T12:41:42.035 application=explorer [info] Time consumed for transactions_from_count_task for 0x7006ecdb1394e6a45d6c4da1cc5ff60ce1ad60d5 is 3ms
2025-11-25T12:41:42.036 application=explorer [info] Time consumed for token_balances counter task for 0x7006ecdb1394e6a45d6c4da1cc5ff60ce1ad60d5 is 4ms
2025-11-25T12:41:42.036 application=explorer [info] Time consumed for logs counter task for 0x7006ecdb1394e6a45d6c4da1cc5ff60ce1ad60d5 is 4ms
2025-11-25T12:41:42.037 application=explorer [info] Time consumed for withdrawals counter task for 0x7006ecdb1394e6a45d6c4da1cc5ff60ce1ad60d5 is 4ms
2025-11-25T12:41:42.042 application=explorer [info] Time consumed for internal_transactions counter task for 0x7006ecdb1394e6a45d6c4da1cc5ff60ce1ad60d5 is 9ms
2025-11-25T12:42:58.225 application=explorer [info] Time consumed for validations counter task for 0x9b231d02ab01e1ff1bbe5294c19cf5c735550a1b is 1ms
2025-11-25T12:42:58.226 application=explorer [info] Time consumed for transactions_from_count_task for 0x9b231d02ab01e1ff1bbe5294c19cf5c735550a1b is 1ms
2025-11-25T12:42:58.226 application=explorer [info] Time consumed for transactions_created_contract_count_task for 0x9b231d02ab01e1ff1bbe5294c19cf5c735550a1b is 1ms
2025-11-25T12:42:58.226 application=explorer [info] Time consumed for token_balances counter task for 0x9b231d02ab01e1ff1bbe5294c19cf5c735550a1b is 1ms
2025-11-25T12:42:58.226 application=explorer [info] Time consumed for transactions_to_count_task for 0x9b231d02ab01e1ff1bbe5294c19cf5c735550a1b is 2ms
2025-11-25T12:42:58.226 application=explorer [info] Time consumed for logs counter task for 0x9b231d02ab01e1ff1bbe5294c19cf5c735550a1b is 2ms
2025-11-25T12:42:58.227 application=explorer [info] Time consumed for token_transfers counter task for 0x9b231d02ab01e1ff1bbe5294c19cf5c735550a1b is 2ms
2025-11-25T12:42:58.227 application=explorer [info] Time consumed for withdrawals counter task for 0x9b231d02ab01e1ff1bbe5294c19cf5c735550a1b is 2ms
2025-11-25T12:42:58.229 application=explorer [info] Time consumed for internal_transactions counter task for 0x9b231d02ab01e1ff1bbe5294c19cf5c735550a1b is 4ms
2025-11-25T16:11:31.885 application=explorer [info] Time consumed for transactions_from_count_task for 0x9b231d02ab01e1ff1bbe5294c19cf5c735550a1b is 2ms
2025-11-25T16:11:31.885 application=explorer [info] Time consumed for validations counter task for 0x9b231d02ab01e1ff1bbe5294c19cf5c735550a1b is 2ms
2025-11-25T16:11:31.886 application=explorer [info] Time consumed for transactions_to_count_task for 0x9b231d02ab01e1ff1bbe5294c19cf5c735550a1b is 2ms
2025-11-25T16:11:31.886 application=explorer [info] Time consumed for token_transfers counter task for 0x9b231d02ab01e1ff1bbe5294c19cf5c735550a1b is 2ms
2025-11-25T16:11:31.887 application=explorer [info] Time consumed for withdrawals counter task for 0x9b231d02ab01e1ff1bbe5294c19cf5c735550a1b is 3ms
2025-11-25T16:11:31.887 application=explorer [info] Time consumed for transactions_created_contract_count_task for 0x9b231d02ab01e1ff1bbe5294c19cf5c735550a1b is 4ms
2025-11-25T16:11:31.889 application=explorer [info] Time consumed for logs counter task for 0x9b231d02ab01e1ff1bbe5294c19cf5c735550a1b is 5ms
2025-11-25T16:11:31.890 application=explorer [info] Time consumed for token_balances counter task for 0x9b231d02ab01e1ff1bbe5294c19cf5c735550a1b is 6ms
2025-11-25T16:11:31.894 application=explorer [info] Time consumed for internal_transactions counter task for 0x9b231d02ab01e1ff1bbe5294c19cf5c735550a1b is 10ms
2025-11-26T00:00:00.002 application=explorer [info] tx/per day chart: collect records for transactions per day stats
2025-11-26T00:00:00.002 application=explorer [info] tx/per day chart: earliest date 2025-11-25 00:00:00Z
2025-11-26T00:00:00.002 application=explorer [info] tx/per day chart: latest date 2025-11-25 23:59:59Z
2025-11-26T00:00:00.007 application=explorer [info] tx/per day chart: min/max block numbers [1, 13364]
2025-11-26T00:00:00.008 application=explorer [info] tx/per day chart: num of transactions 6
2025-11-26T00:00:00.009 application=explorer [info] tx/per day chart: total gas used 126000
2025-11-26T00:00:00.010 application=explorer [info] tx/per day chart: total fee 0
2025-11-26T00:00:00.010 application=explorer [info] tx/per day chart: collect records for transactions per day stats
2025-11-26T00:00:00.010 application=explorer [info] tx/per day chart: records collected [%{date: ~D[2025-11-25], gas_used: Decimal.new("126000"), number_of_transactions: 6, total_fee: Decimal.new("0")}]
2025-11-26T00:00:00.010 application=explorer [info] tx/per day chart: save records
2025-11-26T00:00:00.013 application=explorer [info] tx/per day chart: number of inserted 2
2025-11-26T11:17:17.636 application=explorer request_id=GHuKYrYF64vd2DEAgnaC [error] Error while sending request to sig-provider url: http://sig-provider:8050/api/v1/abi/function?txInput=0x108e2a680000000000000000000000000000000000000000000000000000000000000001: :timeout
2025-11-27T00:00:00.002 application=explorer [info] tx/per day chart: collect records for transactions per day stats
2025-11-27T00:00:00.002 application=explorer [info] tx/per day chart: earliest date 2025-11-26 00:00:00Z
2025-11-27T00:00:00.002 application=explorer [info] tx/per day chart: latest date 2025-11-26 23:59:59Z
2025-11-27T00:00:00.006 application=explorer [info] tx/per day chart: min/max block numbers [13365, 27764]
2025-11-27T00:00:00.007 application=explorer [info] tx/per day chart: num of transactions 2
2025-11-27T00:00:00.008 application=explorer [info] tx/per day chart: total gas used 42204
2025-11-27T00:00:00.009 application=explorer [info] tx/per day chart: total fee 0
2025-11-27T00:00:00.009 application=explorer [info] tx/per day chart: collect records for transactions per day stats
2025-11-27T00:00:00.009 application=explorer [info] tx/per day chart: records collected [%{date: ~D[2025-11-26], gas_used: Decimal.new("42204"), number_of_transactions: 2, total_fee: Decimal.new("0")}]
2025-11-27T00:00:00.009 application=explorer [info] tx/per day chart: save records
2025-11-27T00:00:00.012 application=explorer [info] tx/per day chart: number of inserted 2
2025-11-28T00:00:00.001 application=explorer [info] tx/per day chart: collect records for transactions per day stats
2025-11-28T00:00:00.002 application=explorer [info] tx/per day chart: earliest date 2025-11-27 00:00:00Z
2025-11-28T00:00:00.002 application=explorer [info] tx/per day chart: latest date 2025-11-27 23:59:59Z
2025-11-28T00:00:00.006 application=explorer [info] tx/per day chart: min/max block numbers [27765, 42164]
2025-11-28T00:00:00.007 application=explorer [info] tx/per day chart: num of transactions 0
2025-11-28T00:00:00.008 application=explorer [info] tx/per day chart: total gas used 
2025-11-28T00:00:00.009 application=explorer [info] tx/per day chart: total fee 
2025-11-28T00:00:00.009 application=explorer [info] tx/per day chart: collect records for transactions per day stats
2025-11-28T00:00:00.009 application=explorer [info] tx/per day chart: records collected [%{date: ~D[2025-11-27], gas_used: nil, number_of_transactions: 0, total_fee: nil}]
2025-11-28T00:00:00.009 application=explorer [info] tx/per day chart: save records
2025-11-28T00:00:00.012 application=explorer [info] tx/per day chart: number of inserted 2
2025-11-29T00:00:00.001 application=explorer [info] tx/per day chart: collect records for transactions per day stats
2025-11-29T00:00:00.002 application=explorer [info] tx/per day chart: earliest date 2025-11-28 00:00:00Z
2025-11-29T00:00:00.002 application=explorer [info] tx/per day chart: latest date 2025-11-28 23:59:59Z
2025-11-29T00:00:00.007 application=explorer [info] tx/per day chart: min/max block numbers [42165, 56564]
2025-11-29T00:00:00.008 application=explorer [info] tx/per day chart: num of transactions 0
2025-11-29T00:00:00.008 application=explorer [info] tx/per day chart: total gas used 
2025-11-29T00:00:00.010 application=explorer [info] tx/per day chart: total fee 
2025-11-29T00:00:00.010 application=explorer [info] tx/per day chart: collect records for transactions per day stats
2025-11-29T00:00:00.010 application=explorer [info] tx/per day chart: records collected [%{date: ~D[2025-11-28], gas_used: nil, number_of_transactions: 0, total_fee: nil}]
2025-11-29T00:00:00.010 application=explorer [info] tx/per day chart: save records
2025-11-29T00:00:00.013 application=explorer [info] tx/per day chart: number of inserted 2
2025-11-29T05:05:50.690 application=explorer request_id=GHxh21RtVHJiD8sBhHYD [error] Error while sending request to sig-provider url: http://sig-provider:8050/api/v1/abi/function?txInput=0x108e2a680000000000000000000000000000000000000000000000000000000000000001: :timeout
2025-11-30T00:00:00.000 application=explorer [info] tx/per day chart: collect records for transactions per day stats
2025-11-30T00:00:00.001 application=explorer [info] tx/per day chart: earliest date 2025-11-29 00:00:00Z
2025-11-30T00:00:00.001 application=explorer [info] tx/per day chart: latest date 2025-11-29 23:59:59Z
2025-11-30T00:00:00.007 application=explorer [info] tx/per day chart: min/max block numbers [56565, 70964]
2025-11-30T00:00:00.008 application=explorer [info] tx/per day chart: num of transactions 0
2025-11-30T00:00:00.009 application=explorer [info] tx/per day chart: total gas used 
2025-11-30T00:00:00.010 application=explorer [info] tx/per day chart: total fee 
2025-11-30T00:00:00.010 application=explorer [info] tx/per day chart: collect records for transactions per day stats
2025-11-30T00:00:00.010 application=explorer [info] tx/per day chart: records collected [%{date: ~D[2025-11-29], gas_used: nil, number_of_transactions: 0, total_fee: nil}]
2025-11-30T00:00:00.010 application=explorer [info] tx/per day chart: save records
2025-11-30T00:00:00.013 application=explorer [info] tx/per day chart: number of inserted 2
2025-11-30T07:06:50.039 application=explorer [info] Time consumed for transactions_from_count_task for 0x9b231d02ab01e1ff1bbe5294c19cf5c735550a1b is 3ms
2025-11-30T07:06:50.039 application=explorer [info] Time consumed for token_transfers counter task for 0x9b231d02ab01e1ff1bbe5294c19cf5c735550a1b is 2ms
2025-11-30T07:06:50.039 application=explorer [info] Time consumed for transactions_to_count_task for 0x9b231d02ab01e1ff1bbe5294c19cf5c735550a1b is 3ms
2025-11-30T07:06:50.040 application=explorer [info] Time consumed for transactions_created_contract_count_task for 0x9b231d02ab01e1ff1bbe5294c19cf5c735550a1b is 4ms
2025-11-30T07:06:50.040 application=explorer [info] Time consumed for withdrawals counter task for 0x9b231d02ab01e1ff1bbe5294c19cf5c735550a1b is 3ms
2025-11-30T07:06:50.040 application=explorer [info] Time consumed for logs counter task for 0x9b231d02ab01e1ff1bbe5294c19cf5c735550a1b is 3ms
2025-11-30T07:06:50.040 application=explorer [info] Time consumed for validations counter task for 0x9b231d02ab01e1ff1bbe5294c19cf5c735550a1b is 4ms
2025-11-30T07:06:50.041 application=explorer [info] Time consumed for token_balances counter task for 0x9b231d02ab01e1ff1bbe5294c19cf5c735550a1b is 4ms
2025-11-30T07:06:50.046 application=explorer [info] Time consumed for internal_transactions counter task for 0x9b231d02ab01e1ff1bbe5294c19cf5c735550a1b is 9ms
2025-11-30T07:23:39.918 application=explorer [info] Time consumed for transactions_to_count_task for 0x9b231d02ab01e1ff1bbe5294c19cf5c735550a1b is 2ms
2025-11-30T07:23:39.918 application=explorer [info] Time consumed for logs counter task for 0x9b231d02ab01e1ff1bbe5294c19cf5c735550a1b is 2ms
2025-11-30T07:23:39.918 application=explorer [info] Time consumed for validations counter task for 0x9b231d02ab01e1ff1bbe5294c19cf5c735550a1b is 2ms
2025-11-30T07:23:39.919 application=explorer [info] Time consumed for transactions_created_contract_count_task for 0x9b231d02ab01e1ff1bbe5294c19cf5c735550a1b is 3ms
2025-11-30T07:23:39.919 application=explorer [info] Time consumed for token_balances counter task for 0x9b231d02ab01e1ff1bbe5294c19cf5c735550a1b is 2ms
2025-11-30T07:23:39.919 application=explorer [info] Time consumed for token_transfers counter task for 0x9b231d02ab01e1ff1bbe5294c19cf5c735550a1b is 3ms
2025-11-30T07:23:39.919 application=explorer [info] Time consumed for transactions_from_count_task for 0x9b231d02ab01e1ff1bbe5294c19cf5c735550a1b is 3ms
2025-11-30T07:23:39.919 application=explorer [info] Time consumed for withdrawals counter task for 0x9b231d02ab01e1ff1bbe5294c19cf5c735550a1b is 3ms
2025-11-30T07:23:39.925 application=explorer [info] Time consumed for internal_transactions counter task for 0x9b231d02ab01e1ff1bbe5294c19cf5c735550a1b is 8ms
2025-11-30T07:31:17.384 application=explorer [info] Time consumed for transactions_from_count_task for 0x0000000000000000000000000000000000000000 is 1ms
2025-11-30T07:31:17.384 application=explorer [info] Time consumed for validations counter task for 0x0000000000000000000000000000000000000000 is 2ms
2025-11-30T07:31:17.385 application=explorer [info] Time consumed for token_transfers counter task for 0x0000000000000000000000000000000000000000 is 2ms
2025-11-30T07:31:17.385 application=explorer [info] Time consumed for transactions_to_count_task for 0x0000000000000000000000000000000000000000 is 2ms
2025-11-30T07:31:17.385 application=explorer [info] Time consumed for logs counter task for 0x0000000000000000000000000000000000000000 is 2ms
2025-11-30T07:31:17.385 application=explorer [info] Time consumed for token_balances counter task for 0x0000000000000000000000000000000000000000 is 2ms
2025-11-30T07:31:17.385 application=explorer [info] Time consumed for transactions_created_contract_count_task for 0x0000000000000000000000000000000000000000 is 3ms
2025-11-30T07:31:17.386 application=explorer [info] Time consumed for withdrawals counter task for 0x0000000000000000000000000000000000000000 is 3ms
2025-11-30T07:31:17.389 application=explorer [info] Time consumed for internal_transactions counter task for 0x0000000000000000000000000000000000000000 is 6ms
2025-11-30T13:49:23.944 application=explorer [info] Time consumed for validations counter task for 0x3864e2c7c68175f4976f1bf5137906d70f440cdd is 1ms
2025-11-30T13:49:23.945 application=explorer [info] Time consumed for transactions_from_count_task for 0x3864e2c7c68175f4976f1bf5137906d70f440cdd is 2ms
2025-11-30T13:49:23.945 application=explorer [info] Time consumed for transactions_to_count_task for 0x3864e2c7c68175f4976f1bf5137906d70f440cdd is 2ms
2025-11-30T13:49:23.946 application=explorer [info] Time consumed for token_balances counter task for 0x3864e2c7c68175f4976f1bf5137906d70f440cdd is 2ms
2025-11-30T13:49:23.946 application=explorer [info] Time consumed for token_transfers counter task for 0x3864e2c7c68175f4976f1bf5137906d70f440cdd is 3ms
2025-11-30T13:49:23.946 application=explorer [info] Time consumed for withdrawals counter task for 0x3864e2c7c68175f4976f1bf5137906d70f440cdd is 3ms
2025-11-30T13:49:23.946 application=explorer [info] Time consumed for transactions_created_contract_count_task for 0x3864e2c7c68175f4976f1bf5137906d70f440cdd is 2ms
2025-11-30T13:49:23.948 application=explorer [info] Time consumed for logs counter task for 0x3864e2c7c68175f4976f1bf5137906d70f440cdd is 4ms
2025-11-30T13:49:23.951 application=explorer [info] Time consumed for internal_transactions counter task for 0x3864e2c7c68175f4976f1bf5137906d70f440cdd is 7ms
2025-11-30T13:51:28.748 application=explorer [info] Time consumed for transactions_from_count_task for 0x0000000000000000000000000000000000000000 is 2ms
2025-11-30T13:51:28.748 application=explorer [info] Time consumed for transactions_created_contract_count_task for 0x0000000000000000000000000000000000000000 is 2ms
2025-11-30T13:51:28.748 application=explorer [info] Time consumed for transactions_to_count_task for 0x0000000000000000000000000000000000000000 is 2ms
2025-11-30T13:51:28.749 application=explorer [info] Time consumed for logs counter task for 0x0000000000000000000000000000000000000000 is 2ms
2025-11-30T13:51:28.749 application=explorer [info] Time consumed for token_transfers counter task for 0x0000000000000000000000000000000000000000 is 3ms
2025-11-30T13:51:28.749 application=explorer [info] Time consumed for token_balances counter task for 0x0000000000000000000000000000000000000000 is 2ms
2025-11-30T13:51:28.750 application=explorer [info] Time consumed for withdrawals counter task for 0x0000000000000000000000000000000000000000 is 3ms
2025-11-30T13:51:28.752 application=explorer [info] Time consumed for internal_transactions counter task for 0x0000000000000000000000000000000000000000 is 5ms
2025-12-01T00:00:00.000 application=explorer [info] tx/per day chart: collect records for transactions per day stats
2025-12-01T00:00:00.001 application=explorer [info] tx/per day chart: earliest date 2025-11-30 00:00:00Z
2025-12-01T00:00:00.001 application=explorer [info] tx/per day chart: latest date 2025-11-30 23:59:59Z
2025-12-01T00:00:00.006 application=explorer [info] tx/per day chart: min/max block numbers [70965, 85307]
2025-12-01T00:00:00.007 application=explorer [info] tx/per day chart: num of transactions 7
2025-12-01T00:00:00.008 application=explorer [info] tx/per day chart: total gas used 3151688
2025-12-01T00:00:00.009 application=explorer [info] tx/per day chart: total fee 5294210000000004200000000
2025-12-01T00:00:00.009 application=explorer [info] tx/per day chart: collect records for transactions per day stats
2025-12-01T00:00:00.009 application=explorer [info] tx/per day chart: records collected [%{date: ~D[2025-11-30], gas_used: Decimal.new("3151688"), number_of_transactions: 7, total_fee: Decimal.new("5294210000000004200000000")}]
2025-12-01T00:00:00.009 application=explorer [info] tx/per day chart: save records
2025-12-01T00:00:00.012 application=explorer [info] tx/per day chart: number of inserted 2
